// Jest Snapshot v1, https://goo.gl/fbAQLP

exports[`Format apex: DottedExpression.cls: DottedExpression.cls 1`] = `
class DottedExpr {
  void dottedExprMethod() {
    a.Field__c = null;
    a .Field__c = null;
    CustomObject__c customObject = generator.objectBuilder.setExternalId(account.personContactId).getInstance();
    CustomObject__c customObject = generator.objectBuilder
      .setExternalId(account.personContactId)
      .getInstance();
  }
}
~~~~~~~~~~~~~~~~~~~~~~~~~~~~~~~~~~~~~~~~~~~~~~~~~~~~~~~~~~~~~~~~~~~~~~~~~~~~~~~~
class DottedExpr {
  void dottedExprMethod() {
    a.Field__c = null;
    a.Field__c = null;
    CustomObject__c customObject = generator.objectBuilder.setExternalId(
      account.personContactId
    ).getInstance();
    CustomObject__c customObject = generator.objectBuilder.setExternalId(
      account.personContactId
    ).getInstance();
  }
}

`;
